
Discarded input sections

 .text          0x00000000        0x0 build/src/main.o
 .data          0x00000000        0x0 build/src/main.o
 .bss           0x00000000        0x0 build/src/main.o
 .text          0x00000000        0x0 build/startup/startup.o
 .data          0x00000000        0x0 build/startup/startup.o
 .bss           0x00000000        0x0 build/startup/startup.o

Memory Configuration

Name             Origin             Length             Attributes
FLASH            0x00000000         0x00040000         xr
RAM              0x20000000         0x00010000         xrw
*default*        0x00000000         0xffffffff

Linker script and memory map

LOAD build/src/main.o
LOAD build/startup/startup.o
                0x20010000                        _estack = (ORIGIN (RAM) + LENGTH (RAM))
                0x00000400                        _Min_Stack_Size = 0x400

.isr_vector     0x00000000       0x40
                0x00000000                        . = ALIGN (0x4)
 *(.isr_vector)
 .isr_vector    0x00000000       0x40 build/startup/startup.o
                0x00000000                vector_table
                0x00000040                        . = ALIGN (0x4)

.text           0x00000040       0x6c
                0x00000040                        . = ALIGN (0x4)
 *(.text)
 *(.text*)
 .text.main     0x00000040        0x8 build/src/main.o
                0x00000040                main
 .text.Reset_Handler
                0x00000048       0x5c build/startup/startup.o
                0x00000048                Reset_Handler
 .text.Default_Handler
                0x000000a4        0x8 build/startup/startup.o
                0x000000a4                DebugMon_Handler
                0x000000a4                HardFault_Handler
                0x000000a4                SysTick_Handler
                0x000000a4                PendSV_Handler
                0x000000a4                NMI_Handler
                0x000000a4                UsageFault_Handler
                0x000000a4                Default_Handler
                0x000000a4                MemManage_Handler
                0x000000a4                SVC_Handler
                0x000000a4                BusFault_Handler
 *(.rodata)
 *(.rodata*)
                0x000000ac                        . = ALIGN (0x4)
                0x000000ac                        _etext = .
                0x000000ac                        _sidata = LOADADDR (.data)

.glue_7         0x000000ac        0x0
 .glue_7        0x000000ac        0x0 linker stubs

.glue_7t        0x000000ac        0x0
 .glue_7t       0x000000ac        0x0 linker stubs

.vfp11_veneer   0x000000ac        0x0
 .vfp11_veneer  0x000000ac        0x0 linker stubs

.v4_bx          0x000000ac        0x0
 .v4_bx         0x000000ac        0x0 linker stubs

.iplt           0x000000ac        0x0
 .iplt          0x000000ac        0x0 build/startup/startup.o

.rel.dyn        0x000000ac        0x0
 .rel.iplt      0x000000ac        0x0 build/startup/startup.o

.data           0x20000000        0x0 load address 0x000000ac
                0x20000000                        . = ALIGN (0x4)
                0x20000000                        _sdata = .
 *(.data)
 *(.data*)
                0x20000000                        . = ALIGN (0x4)
                0x20000000                        _edata = .

.igot.plt       0x20000000        0x0 load address 0x000000ac
 .igot.plt      0x20000000        0x0 build/startup/startup.o

.bss            0x20000000        0x0 load address 0x000000ac
                0x20000000                        . = ALIGN (0x4)
                0x20000000                        _sbss = .
 *(.bss)
 *(.bss*)
 *(COMMON)
                0x20000000                        . = ALIGN (0x4)
                0x20000000                        _ebss = .
OUTPUT(build/firmware.elf elf32-littlearm)
LOAD linker stubs

.debug_info     0x00000000      0x1be
 .debug_info    0x00000000       0x83 build/src/main.o
 .debug_info    0x00000083      0x13b build/startup/startup.o

.debug_abbrev   0x00000000      0x12c
 .debug_abbrev  0x00000000       0x45 build/src/main.o
 .debug_abbrev  0x00000045       0xe7 build/startup/startup.o

.debug_aranges  0x00000000       0x48
 .debug_aranges
                0x00000000       0x20 build/src/main.o
 .debug_aranges
                0x00000020       0x28 build/startup/startup.o

.debug_rnglists
                0x00000000       0x2c
 .debug_rnglists
                0x00000000       0x13 build/src/main.o
 .debug_rnglists
                0x00000013       0x19 build/startup/startup.o

.debug_line     0x00000000       0xf4
 .debug_line    0x00000000       0x3d build/src/main.o
 .debug_line    0x0000003d       0xb7 build/startup/startup.o

.debug_str      0x00000000      0x18c
 .debug_str     0x00000000      0x18c build/src/main.o
                                0x150 (size before relaxing)
 .debug_str     0x0000018c      0x1b5 build/startup/startup.o

.comment        0x00000000       0x26
 .comment       0x00000000       0x26 build/src/main.o
                                 0x27 (size before relaxing)
 .comment       0x00000026       0x27 build/startup/startup.o

.ARM.attributes
                0x00000000       0x2d
 .ARM.attributes
                0x00000000       0x2d build/src/main.o
 .ARM.attributes
                0x0000002d       0x2d build/startup/startup.o

.debug_frame    0x00000000       0x70
 .debug_frame   0x00000000       0x28 build/src/main.o
 .debug_frame   0x00000028       0x48 build/startup/startup.o
